{
  "version": "1.5.0",
  "plugins_used": [
    {
      "name": "ArtifactoryDetector"
    },
    {
      "name": "AWSKeyDetector"
    },
    {
      "name": "AzureStorageKeyDetector"
    },
    {
      "name": "Base64HighEntropyString",
      "limit": 4.5
    },
    {
      "name": "BasicAuthDetector"
    },
    {
      "name": "CloudantDetector"
    },
    {
      "name": "DiscordBotTokenDetector"
    },
    {
      "name": "GitHubTokenDetector"
    },
    {
      "name": "GitLabTokenDetector"
    },
    {
      "name": "HexHighEntropyString",
      "limit": 3.0
    },
    {
      "name": "IbmCloudIamDetector"
    },
    {
      "name": "IbmCosHmacDetector"
    },
    {
      "name": "IPPublicDetector"
    },
    {
      "name": "JwtTokenDetector"
    },
    {
      "name": "KeywordDetector",
      "keyword_exclude": ""
    },
    {
      "name": "MailchimpDetector"
    },
    {
      "name": "NpmDetector"
    },
    {
      "name": "OpenAIDetector"
    },
    {
      "name": "PrivateKeyDetector"
    },
    {
      "name": "PypiTokenDetector"
    },
    {
      "name": "SendGridDetector"
    },
    {
      "name": "SlackDetector"
    },
    {
      "name": "SoftlayerDetector"
    },
    {
      "name": "SquareOAuthDetector"
    },
    {
      "name": "StripeDetector"
    },
    {
      "name": "TelegramBotTokenDetector"
    },
    {
      "name": "TwilioKeyDetector"
    }
  ],
  "filters_used": [
    {
      "path": "detect_secrets.filters.allowlist.is_line_allowlisted"
    },
    {
      "path": "detect_secrets.filters.common.is_baseline_file",
      "filename": ".secrets.baseline"
    },
    {
      "path": "detect_secrets.filters.common.is_ignored_due_to_verification_policies",
      "min_level": 2
    },
    {
      "path": "detect_secrets.filters.heuristic.is_indirect_reference"
    },
    {
      "path": "detect_secrets.filters.heuristic.is_likely_id_string"
    },
    {
      "path": "detect_secrets.filters.heuristic.is_lock_file"
    },
    {
      "path": "detect_secrets.filters.heuristic.is_not_alphanumeric_string"
    },
    {
      "path": "detect_secrets.filters.heuristic.is_potential_uuid"
    },
    {
      "path": "detect_secrets.filters.heuristic.is_prefixed_with_dollar_sign"
    },
    {
      "path": "detect_secrets.filters.heuristic.is_sequential_string"
    },
    {
      "path": "detect_secrets.filters.heuristic.is_swagger_file"
    },
    {
      "path": "detect_secrets.filters.heuristic.is_templated_secret"
    },
    {
      "path": "detect_secrets.filters.regex.should_exclude_file",
      "pattern": [
        "(^|/)(node_modules|[.]git|[.]venv|[.]mypy_cache|[.]pytest_cache|[.]ruff_cache|data)/",
        "^graphify-out/",
        "^tests/fixtures/",
        "^web/public/locales/",
        "[.]tsbuildinfo$",
        "^[.]agents/skills/upstash",
        "^[.]claude/skills/upstash"
      ]
    }
  ],
  "results": {
    ".agents\\skills\\fastapi-templates\\SKILL.md": [
      {
        "type": "Secret Keyword",
        "filename": ".agents\\skills\\fastapi-templates\\SKILL.md",
        "hashed_secret": "1c58bd92003bbaa0538e249fff6ee19a270dec5f",
        "is_verified": false,
        "line_number": 532
      }
    ],
    ".agents\\skills\\python-testing-patterns\\SKILL.md": [
      {
        "type": "Secret Keyword",
        "filename": ".agents\\skills\\python-testing-patterns\\SKILL.md",
        "hashed_secret": "3acfb2c2b433c0ea7ff107e33df91b18e52f960f",
        "is_verified": false,
        "line_number": 186
      }
    ],
    ".agents\\skills\\python-testing-patterns\\references\\advanced-patterns.md": [
      {
        "type": "Secret Keyword",
        "filename": ".agents\\skills\\python-testing-patterns\\references\\advanced-patterns.md",
        "hashed_secret": "82aeb9f3dbb0e40d4c7d9aba9afda6b2fb6d6ae0",
        "is_verified": false,
        "line_number": 86
      }
    ],
    ".agents\\skills\\sqlalchemy\\SKILL.md": [
      {
        "type": "Basic Auth Credentials",
        "filename": ".agents\\skills\\sqlalchemy\\SKILL.md",
        "hashed_secret": "9d4e1e23bd5b727046a9e3b4b7db57bd8d6ee684",
        "is_verified": false,
        "line_number": 161
      },
      {
        "type": "Secret Keyword",
        "filename": ".agents\\skills\\sqlalchemy\\SKILL.md",
        "hashed_secret": "6318553899daae2941718c02508aeee938af1a1c",
        "is_verified": false,
        "line_number": 751
      }
    ],
    "docs\\rfc\\042-rotar-secretos-fortalecer-passwords.md": [
      {
        "type": "Secret Keyword",
        "filename": "docs\\rfc\\042-rotar-secretos-fortalecer-passwords.md",
        "hashed_secret": "d906beacc27b6f28d2023dbce1321faf80f04eed",
        "is_verified": false,
        "line_number": 76
      }
    ],
    "skills-lock.json": [
      {
        "type": "Hex High Entropy String",
        "filename": "skills-lock.json",
        "hashed_secret": "7a43ba695b8960541915de12d42465d7803d9bf2",
        "is_verified": false,
        "line_number": 7
      },
      {
        "type": "Hex High Entropy String",
        "filename": "skills-lock.json",
        "hashed_secret": "5aec1d31f99807c5d101e8660131604a8bd4d453",
        "is_verified": false,
        "line_number": 13
      },
      {
        "type": "Hex High Entropy String",
        "filename": "skills-lock.json",
        "hashed_secret": "24011b96be6c3b357650545924feaff8524e2220",
        "is_verified": false,
        "line_number": 18
      },
      {
        "type": "Hex High Entropy String",
        "filename": "skills-lock.json",
        "hashed_secret": "61c54fa65c0bc3ccaf72288a1fe0a1648fc2bae9",
        "is_verified": false,
        "line_number": 23
      },
      {
        "type": "Hex High Entropy String",
        "filename": "skills-lock.json",
        "hashed_secret": "3516994b66630c33ad906f6726875ca3778a4f9e",
        "is_verified": false,
        "line_number": 28
      },
      {
        "type": "Hex High Entropy String",
        "filename": "skills-lock.json",
        "hashed_secret": "feb54728e3d65b4ec946cad665bbbf2c91f952ab",
        "is_verified": false,
        "line_number": 33
      },
      {
        "type": "Hex High Entropy String",
        "filename": "skills-lock.json",
        "hashed_secret": "f24ecfd02bf509c12905db968d39ce4364c61b94",
        "is_verified": false,
        "line_number": 39
      },
      {
        "type": "Hex High Entropy String",
        "filename": "skills-lock.json",
        "hashed_secret": "883c55d470a1c58766de1bbd405285b810cbc1ab",
        "is_verified": false,
        "line_number": 45
      },
      {
        "type": "Hex High Entropy String",
        "filename": "skills-lock.json",
        "hashed_secret": "22d851bf198e900808dd63a83f9600491b26e17f",
        "is_verified": false,
        "line_number": 50
      },
      {
        "type": "Hex High Entropy String",
        "filename": "skills-lock.json",
        "hashed_secret": "7c51dc1674b40f86f1028c7cff345c36d442f46c",
        "is_verified": false,
        "line_number": 55
      },
      {
        "type": "Hex High Entropy String",
        "filename": "skills-lock.json",
        "hashed_secret": "db24f63514600e90b6f5ec06272b556dab927f08",
        "is_verified": false,
        "line_number": 60
      },
      {
        "type": "Hex High Entropy String",
        "filename": "skills-lock.json",
        "hashed_secret": "2fe7faf1a4db3b19985c6d85cda97a014574e093",
        "is_verified": false,
        "line_number": 65
      },
      {
        "type": "Hex High Entropy String",
        "filename": "skills-lock.json",
        "hashed_secret": "404eb08b536744d41af7baf48e2ff0f3a5eddd3c",
        "is_verified": false,
        "line_number": 70
      },
      {
        "type": "Hex High Entropy String",
        "filename": "skills-lock.json",
        "hashed_secret": "0850fa567d826a51a7c5956590fc6ec7ba82dbe6",
        "is_verified": false,
        "line_number": 75
      },
      {
        "type": "Hex High Entropy String",
        "filename": "skills-lock.json",
        "hashed_secret": "8da079c453d23aa7a97ca431c9cd80e3ed242644",
        "is_verified": false,
        "line_number": 80
      },
      {
        "type": "Hex High Entropy String",
        "filename": "skills-lock.json",
        "hashed_secret": "778c3637ef0fcfbc98079862228dfbfdcd62c2a3",
        "is_verified": false,
        "line_number": 85
      },
      {
        "type": "Hex High Entropy String",
        "filename": "skills-lock.json",
        "hashed_secret": "31d4c96609b3fe5d9a86e009e3e51cce08609e02",
        "is_verified": false,
        "line_number": 90
      },
      {
        "type": "Hex High Entropy String",
        "filename": "skills-lock.json",
        "hashed_secret": "75b46113362739343e4b496bd6fdff865772f189",
        "is_verified": false,
        "line_number": 95
      },
      {
        "type": "Hex High Entropy String",
        "filename": "skills-lock.json",
        "hashed_secret": "870cf8e04aded073cbdd4f92c3b69c0bde5a487f",
        "is_verified": false,
        "line_number": 100
      },
      {
        "type": "Hex High Entropy String",
        "filename": "skills-lock.json",
        "hashed_secret": "e8adc820931843f2c05178bfbaa79bb69b6f0a83",
        "is_verified": false,
        "line_number": 105
      },
      {
        "type": "Hex High Entropy String",
        "filename": "skills-lock.json",
        "hashed_secret": "06a5c7a558e60b5649913c913303087d171258b3",
        "is_verified": false,
        "line_number": 110
      },
      {
        "type": "Hex High Entropy String",
        "filename": "skills-lock.json",
        "hashed_secret": "06963029d9f6d243e26dc69fd39fb3e33250be84",
        "is_verified": false,
        "line_number": 115
      },
      {
        "type": "Hex High Entropy String",
        "filename": "skills-lock.json",
        "hashed_secret": "6f977a9fc6e36a5fd54d1624df0e7fe2fab51fec",
        "is_verified": false,
        "line_number": 121
      },
      {
        "type": "Hex High Entropy String",
        "filename": "skills-lock.json",
        "hashed_secret": "d11a042ef75707495ae06e249854f6310b1c4562",
        "is_verified": false,
        "line_number": 127
      },
      {
        "type": "Hex High Entropy String",
        "filename": "skills-lock.json",
        "hashed_secret": "1f46400314758a5f5e765ee84ddf4b5a7383f160",
        "is_verified": false,
        "line_number": 133
      },
      {
        "type": "Hex High Entropy String",
        "filename": "skills-lock.json",
        "hashed_secret": "193e4c7dc198d278942be74f6899da66508f9913",
        "is_verified": false,
        "line_number": 139
      }
    ],
    "tests\\test_auth_register.py": [
      {
        "type": "Secret Keyword",
        "filename": "tests\\test_auth_register.py",
        "hashed_secret": "e4c2d56185ad188f86e9301f9887f18dc8309cd8",
        "is_verified": false,
        "line_number": 7
      },
      {
        "type": "Secret Keyword",
        "filename": "tests\\test_auth_register.py",
        "hashed_secret": "44b75497466cdc5e84ea801840bc399457ac3f44",
        "is_verified": false,
        "line_number": 36
      }
    ],
    "tests\\test_codice_parser.py": [
      {
        "type": "Hex High Entropy String",
        "filename": "tests\\test_codice_parser.py",
        "hashed_secret": "9c3ebd3616d74949b59e36a6062d78f002a14d02",
        "is_verified": false,
        "line_number": 322
      }
    ],
    "tests\\test_config_secrets.py": [
      {
        "type": "Secret Keyword",
        "filename": "tests\\test_config_secrets.py",
        "hashed_secret": "aaf4c61ddcc5e8a2dabede0f3b482cd9aea9434d",
        "is_verified": false,
        "line_number": 36
      },
      {
        "type": "Secret Keyword",
        "filename": "tests\\test_config_secrets.py",
        "hashed_secret": "2739bb260ce45a5ad560051592efe21fb19aca85",
        "is_verified": false,
        "line_number": 220
      }
    ],
    "tests\\test_config_settings.py": [
      {
        "type": "Secret Keyword",
        "filename": "tests\\test_config_settings.py",
        "hashed_secret": "a05a032e45e6c7e469de59cb55f4fb3762c21332",
        "is_verified": false,
        "line_number": 240
      }
    ],
    "tests\\test_contract_dto.py": [
      {
        "type": "Hex High Entropy String",
        "filename": "tests\\test_contract_dto.py",
        "hashed_secret": "9c3ebd3616d74949b59e36a6062d78f002a14d02",
        "is_verified": false,
        "line_number": 148
      }
    ],
    "tests\\test_entity_resolution.py": [
      {
        "type": "Hex High Entropy String",
        "filename": "tests\\test_entity_resolution.py",
        "hashed_secret": "9c3ebd3616d74949b59e36a6062d78f002a14d02",
        "is_verified": false,
        "line_number": 85
      }
    ],
    "tests\\test_observability_logging.py": [
      {
        "type": "Secret Keyword",
        "filename": "tests\\test_observability_logging.py",
        "hashed_secret": "f3bbbd66a63d4bf1747940578ec3d0103530e21d",
        "is_verified": false,
        "line_number": 93
      },
      {
        "type": "Secret Keyword",
        "filename": "tests\\test_observability_logging.py",
        "hashed_secret": "65db2f1e4f7849794cfbaaa2f869a0d1b9f67629",
        "is_verified": false,
        "line_number": 103
      }
    ],
    "tests\\test_unit_coverage_batch2b.py": [
      {
        "type": "Secret Keyword",
        "filename": "tests\\test_unit_coverage_batch2b.py",
        "hashed_secret": "fe1bae27cb7c1fb823f496f286e78f1d2ae87734",
        "is_verified": false,
        "line_number": 405
      }
    ],
    "tests\\test_unit_get_stored_hash_timing.py": [
      {
        "type": "Secret Keyword",
        "filename": "tests\\test_unit_get_stored_hash_timing.py",
        "hashed_secret": "3acfb2c2b433c0ea7ff107e33df91b18e52f960f",
        "is_verified": false,
        "line_number": 69
      }
    ],
    "tests\\test_webhooks.py": [
      {
        "type": "Secret Keyword",
        "filename": "tests\\test_webhooks.py",
        "hashed_secret": "4ae38a2db85fe177f8bb3384e64d82bacb0f1602",
        "is_verified": false,
        "line_number": 58
      }
    ],
    "web\\e2e\\login.spec.ts": [
      {
        "type": "Hex High Entropy String",
        "filename": "web\\e2e\\login.spec.ts",
        "hashed_secret": "b3d5cd9d8bcd341608e320fd81516d374dca57ef",
        "is_verified": false,
        "line_number": 64
      }
    ]
  },
  "generated_at": "2026-07-04T20:52:45Z"
}
