{
  "version": "1.5.0",
  "plugins_used": [
    {
      "name": "ArtifactoryDetector"
    },
    {
      "name": "AWSKeyDetector"
    },
    {
      "name": "AzureStorageKeyDetector"
    },
    {
      "name": "Base64HighEntropyString",
      "limit": 4.5
    },
    {
      "name": "BasicAuthDetector"
    },
    {
      "name": "CloudantDetector"
    },
    {
      "name": "DiscordBotTokenDetector"
    },
    {
      "name": "GitHubTokenDetector"
    },
    {
      "name": "GitLabTokenDetector"
    },
    {
      "name": "HexHighEntropyString",
      "limit": 3.0
    },
    {
      "name": "IbmCloudIamDetector"
    },
    {
      "name": "IbmCosHmacDetector"
    },
    {
      "name": "IPPublicDetector"
    },
    {
      "name": "JwtTokenDetector"
    },
    {
      "name": "KeywordDetector",
      "keyword_exclude": ""
    },
    {
      "name": "MailchimpDetector"
    },
    {
      "name": "NpmDetector"
    },
    {
      "name": "OpenAIDetector"
    },
    {
      "name": "PrivateKeyDetector"
    },
    {
      "name": "PypiTokenDetector"
    },
    {
      "name": "SendGridDetector"
    },
    {
      "name": "SlackDetector"
    },
    {
      "name": "SoftlayerDetector"
    },
    {
      "name": "SquareOAuthDetector"
    },
    {
      "name": "StripeDetector"
    },
    {
      "name": "TelegramBotTokenDetector"
    },
    {
      "name": "TwilioKeyDetector"
    }
  ],
  "filters_used": [
    {
      "path": "detect_secrets.filters.allowlist.is_line_allowlisted"
    },
    {
      "path": "detect_secrets.filters.common.is_baseline_file",
      "filename": ".secrets.baseline"
    },
    {
      "path": "detect_secrets.filters.common.is_ignored_due_to_verification_policies",
      "min_level": 2
    },
    {
      "path": "detect_secrets.filters.heuristic.is_indirect_reference"
    },
    {
      "path": "detect_secrets.filters.heuristic.is_likely_id_string"
    },
    {
      "path": "detect_secrets.filters.heuristic.is_lock_file"
    },
    {
      "path": "detect_secrets.filters.heuristic.is_not_alphanumeric_string"
    },
    {
      "path": "detect_secrets.filters.heuristic.is_potential_uuid"
    },
    {
      "path": "detect_secrets.filters.heuristic.is_prefixed_with_dollar_sign"
    },
    {
      "path": "detect_secrets.filters.heuristic.is_sequential_string"
    },
    {
      "path": "detect_secrets.filters.heuristic.is_swagger_file"
    },
    {
      "path": "detect_secrets.filters.heuristic.is_templated_secret"
    }
  ],
  "results": {
    ".agents\\skills\\fastapi-templates\\SKILL.md": [
      {
        "type": "Secret Keyword",
        "filename": ".agents\\skills\\fastapi-templates\\SKILL.md",
        "hashed_secret": "1c58bd92003bbaa0538e249fff6ee19a270dec5f",
        "is_verified": false,
        "line_number": 532,
        "is_secret": false
      }
    ],
    ".agents\\skills\\python-testing-patterns\\SKILL.md": [
      {
        "type": "Secret Keyword",
        "filename": ".agents\\skills\\python-testing-patterns\\SKILL.md",
        "hashed_secret": "3acfb2c2b433c0ea7ff107e33df91b18e52f960f",
        "is_verified": false,
        "line_number": 186,
        "is_secret": false
      }
    ],
    ".agents\\skills\\python-testing-patterns\\references\\advanced-patterns.md": [
      {
        "type": "Secret Keyword",
        "filename": ".agents\\skills\\python-testing-patterns\\references\\advanced-patterns.md",
        "hashed_secret": "82aeb9f3dbb0e40d4c7d9aba9afda6b2fb6d6ae0",
        "is_verified": false,
        "line_number": 86,
        "is_secret": false
      }
    ],
    ".agents\\skills\\sqlalchemy\\SKILL.md": [
      {
        "type": "Basic Auth Credentials",
        "filename": ".agents\\skills\\sqlalchemy\\SKILL.md",
        "hashed_secret": "9d4e1e23bd5b727046a9e3b4b7db57bd8d6ee684",
        "is_verified": false,
        "line_number": 161,
        "is_secret": false
      },
      {
        "type": "Secret Keyword",
        "filename": ".agents\\skills\\sqlalchemy\\SKILL.md",
        "hashed_secret": "6318553899daae2941718c02508aeee938af1a1c",
        "is_verified": false,
        "line_number": 751,
        "is_secret": false
      }
    ],
    "docker-compose.override.yml": [
      {
        "type": "Secret Keyword",
        "filename": "docker-compose.override.yml",
        "hashed_secret": "04d49b269fc0fbfcfe51ceb9280b4c0055c219e4",
        "is_verified": false,
        "line_number": 31,
        "is_secret": false
      }
    ],
    "skills-lock.json": [
      {
        "type": "Hex High Entropy String",
        "filename": "skills-lock.json",
        "hashed_secret": "3516994b66630c33ad906f6726875ca3778a4f9e",
        "is_verified": false,
        "line_number": 7,
        "is_secret": false
      },
      {
        "type": "Hex High Entropy String",
        "filename": "skills-lock.json",
        "hashed_secret": "feb54728e3d65b4ec946cad665bbbf2c91f952ab",
        "is_verified": false,
        "line_number": 12,
        "is_secret": false
      },
      {
        "type": "Hex High Entropy String",
        "filename": "skills-lock.json",
        "hashed_secret": "22d851bf198e900808dd63a83f9600491b26e17f",
        "is_verified": false,
        "line_number": 17,
        "is_secret": false
      },
      {
        "type": "Hex High Entropy String",
        "filename": "skills-lock.json",
        "hashed_secret": "2fe7faf1a4db3b19985c6d85cda97a014574e093",
        "is_verified": false,
        "line_number": 22,
        "is_secret": false
      },
      {
        "type": "Hex High Entropy String",
        "filename": "skills-lock.json",
        "hashed_secret": "404eb08b536744d41af7baf48e2ff0f3a5eddd3c",
        "is_verified": false,
        "line_number": 27,
        "is_secret": false
      },
      {
        "type": "Hex High Entropy String",
        "filename": "skills-lock.json",
        "hashed_secret": "0850fa567d826a51a7c5956590fc6ec7ba82dbe6",
        "is_verified": false,
        "line_number": 32,
        "is_secret": false
      },
      {
        "type": "Hex High Entropy String",
        "filename": "skills-lock.json",
        "hashed_secret": "8da079c453d23aa7a97ca431c9cd80e3ed242644",
        "is_verified": false,
        "line_number": 37,
        "is_secret": false
      },
      {
        "type": "Hex High Entropy String",
        "filename": "skills-lock.json",
        "hashed_secret": "778c3637ef0fcfbc98079862228dfbfdcd62c2a3",
        "is_verified": false,
        "line_number": 42,
        "is_secret": false
      },
      {
        "type": "Hex High Entropy String",
        "filename": "skills-lock.json",
        "hashed_secret": "31d4c96609b3fe5d9a86e009e3e51cce08609e02",
        "is_verified": false,
        "line_number": 47,
        "is_secret": false
      },
      {
        "type": "Hex High Entropy String",
        "filename": "skills-lock.json",
        "hashed_secret": "75b46113362739343e4b496bd6fdff865772f189",
        "is_verified": false,
        "line_number": 52,
        "is_secret": false
      },
      {
        "type": "Hex High Entropy String",
        "filename": "skills-lock.json",
        "hashed_secret": "870cf8e04aded073cbdd4f92c3b69c0bde5a487f",
        "is_verified": false,
        "line_number": 57,
        "is_secret": false
      },
      {
        "type": "Hex High Entropy String",
        "filename": "skills-lock.json",
        "hashed_secret": "06a5c7a558e60b5649913c913303087d171258b3",
        "is_verified": false,
        "line_number": 62,
        "is_secret": false
      },
      {
        "type": "Hex High Entropy String",
        "filename": "skills-lock.json",
        "hashed_secret": "06963029d9f6d243e26dc69fd39fb3e33250be84",
        "is_verified": false,
        "line_number": 67,
        "is_secret": false
      }
    ],
    "tests\\test_codice_parser.py": [
      {
        "type": "Hex High Entropy String",
        "filename": "tests\\test_codice_parser.py",
        "hashed_secret": "9c3ebd3616d74949b59e36a6062d78f002a14d02",
        "is_verified": false,
        "line_number": 321,
        "is_secret": false
      }
    ],
    "tests\\test_config_secrets.py": [
      {
        "type": "Secret Keyword",
        "filename": "tests\\test_config_secrets.py",
        "hashed_secret": "aaf4c61ddcc5e8a2dabede0f3b482cd9aea9434d",
        "is_verified": false,
        "line_number": 35,
        "is_secret": false
      }
    ],
    "tests\\test_config_settings.py": [
      {
        "type": "Secret Keyword",
        "filename": "tests\\test_config_settings.py",
        "hashed_secret": "a05a032e45e6c7e469de59cb55f4fb3762c21332",
        "is_verified": false,
        "line_number": 253
      }
    ],
    "tests\\test_contract_dto.py": [
      {
        "type": "Hex High Entropy String",
        "filename": "tests\\test_contract_dto.py",
        "hashed_secret": "9c3ebd3616d74949b59e36a6062d78f002a14d02",
        "is_verified": false,
        "line_number": 148,
        "is_secret": false
      }
    ],
    "tests\\test_observability_logging.py": [
      {
        "type": "Secret Keyword",
        "filename": "tests\\test_observability_logging.py",
        "hashed_secret": "f3bbbd66a63d4bf1747940578ec3d0103530e21d",
        "is_verified": false,
        "line_number": 93,
        "is_secret": false
      },
      {
        "type": "Secret Keyword",
        "filename": "tests\\test_observability_logging.py",
        "hashed_secret": "65db2f1e4f7849794cfbaaa2f869a0d1b9f67629",
        "is_verified": false,
        "line_number": 103,
        "is_secret": false
      }
    ]
  },
  "generated_at": "2026-05-24T19:22:27Z"
}
